// Jest Snapshot v1, https://goo.gl/fbAQLP

exports[`SVGContainer renders as expected 1`] = `
<body>
  <div>
    <svg
      height="96%"
      width="96%"
    />
  </div>
</body>
`;
