// Jest Snapshot v1, https://goo.gl/fbAQLP

exports[`SVGPath renders as expected 1`] = `
<body>
  <div>
    <svg>
      <path
        d="M462.6,193.8c-1.1,1.1-2.2,2.3-4.1,2.1c-2.3-0.1-4.5-0.7-6.1-2.2z"
        fill="#fff"
      />
    </svg>
  </div>
</body>
`;
